---
source: tests/tui_snapshot_test.rs
expression: rendered
---
╭──────────────────────────────────────────────────────────────────────────────╮
│ ⚡ ENTRENAR v0.5.6                         [○ Done: 00:01:00] 30 tok/s │
├───────────────────────────────────────┬──────────────────────────────────────┤
│ 📉 LOSS CURVE                         │ 🖥️  GPU: NVIDIA GeForce RTX 4090     │
│ ⣿⣿⣿⣿⣿⣿⣿⣿⣿⣿⣷⣶⣶⣶⣶⣶⣶⣆⣀⣀⣀ 2.10 ↓         │ █████░░░░░░░░░░░ 35% 45°C 110W       │
│ min:2.10 max:6.90 avg:5.33           │ VRAM ░░░░░░░░░░░ 2.1G/24G 9%         │
│                                      │ ──────────────────────────────────── │
│ 📊 GRADIENT NORM                      │ 📊 PROCESS                            │
│ ██████░░░░░░░░░░░░░░░░░░ 2.50 →      │ (no process detected)                │
│                                      │                                      │
├───────────────────────────────────────┼──────────────────────────────────────┤
│ 📝 SAMPLE PREVIEW                     │ 📈 TRAINING METRICS                   │
│ In: fn is_prime(n: u64) -> bool ...  │ Epoch ███████████ 15/15 100%         │
│ Tgt: #[test] fn test_is_prime() {... │ Step  ███████████ 16/16 100%         │
│ Gen: (training...)                   │ LR 0.000600 ↓  Grad 2.50 ↓           │
│ Match: ░░░░░░░░░░░░░░░░░░░░░ 0%      │ Loss 2.100 ↓ best:2.10 ETA 00:00:00  │
╰───────────────────────────────────────┴──────────────────────────────────────╯
